2026-10-07T16:35:10.816Z local room HGAM: 10 bots joined, budget 480 s
2026-10-07T16:35:11.230Z round 1: assassins Bot5,Bot7; 8 civilians; bots 30
2026-10-07T16:35:16.077Z joystick: Bot1 moved 5.47 m in 2.5 s of stick input
2026-10-07T16:35:16.269Z   Bot1 -> Bot5: arrest-ok
2026-10-07T16:35:16.458Z   Bot2 -> Bot7: arrest-ok
2026-10-07T16:35:16.482Z round 1 ended: assassins-caught, final=false
2026-10-07T16:35:16.493Z round 1: 2 events, scores match the engine; points Bot1=400 Bot2=400 Bot3=100 Bot4=100 Bot5=0 Bot6=100 Bot7=0 Bot8=100 Bot9=100 Bot10=100
2026-10-07T16:35:17.912Z round 2: assassins Bot1,Bot9; 8 civilians; bots 30
2026-10-07T16:35:20.909Z reconnect: Bot4 dropped and came back, role civilian (was civilian), round 2, same id true
2026-10-07T16:35:21.112Z   Bot1 -> Bot2: kill
2026-10-07T16:35:21.310Z   Bot9 -> Bot3: kill
2026-10-07T16:35:49.410Z round 2 ended: timer, final=false
2026-10-07T16:35:49.418Z round 2: 2 events, scores match the engine; points Bot1=300 Bot2=0 Bot3=0 Bot4=100 Bot5=100 Bot6=100 Bot7=100 Bot8=100 Bot9=300 Bot10=100
2026-10-07T16:35:50.948Z round 3: assassins Bot3,Bot10; 8 civilians; bots 30
2026-10-07T16:35:53.350Z   Bot3 -> Bot1: kill
2026-10-07T16:35:53.542Z   Bot2 -> bot-0: arrest-wrong
2026-10-07T16:35:53.736Z   Bot4 -> Bot3: arrest-ok
2026-10-07T16:35:53.937Z   Bot5 -> Bot10: arrest-ok
2026-10-07T16:35:53.967Z round 3 ended: assassins-caught, final=true
2026-10-07T16:35:53.976Z round 3: 4 events, scores match the engine; points Bot1=0 Bot2=0 Bot3=100 Bot4=400 Bot5=400 Bot6=100 Bot7=100 Bot8=100 Bot9=100 Bot10=0
2026-10-07T16:35:54.386Z stuck check: longest a crowd bot stood still 3.8 s, bots stuck over 10 s: 0
2026-10-07T16:35:54.386Z PASS: 3 rounds (assassins-caught, timer, assassins-caught) in 44 s
